{
   "id" : "f57d024e89315b0fa541f28652c0cf996e6b090a",
   "place_id" : "qgYvCi0wMDAwMDAxYTllYzAzOGMxOjZiMTJhZTM3YjQ3OjQ2MzMxZmQ2ZDRkNGEyNGU",
   "reference" : "CkQxAAAAF0O3AKOd6gJvpxLs2_TCzJwbgDRck2uN2FanHEJ-1a_sL48EZrJ32aDCP1OcsWWfjh8EAhXuUcIWM5L1Vz799hIQPGqZScOzlqOcasyFwFKpuBoUSYAXm9D165ROI9MJeFLxA0Sbsv8",
   "scope" : "APP",
   "status" : "OK"
}
