{
   "html_attributions" : [],
   "results" : [
      {
         "geometry" : {
            "location" : {
               "lat" : 60.1661611,
               "lng" : 24.9428156
            },
            "viewport" : {
               "northeast" : {
                  "lat" : 60.1675100802915,
                  "lng" : 24.94416458029151
               },
               "southwest" : {
                  "lat" : 60.16481211970849,
                  "lng" : 24.9414666197085
               }
            }
         },
         "icon" : "https://maps.gstatic.com/mapfiles/place_api/icons/restaurant-71.png",
         "id" : "aafc9463e0c2b6810ad0160a89db7e859d93d7bc",
         "name" : "Toscanini Restaurant",
         "opening_hours" : {
            "open_now" : false,
            "weekday_text" : []
         },
         "photos" : [
            {
               "height" : 3024,
               "html_attributions" : [
                  "\u003ca href=\"https://maps.google.com/maps/contrib/113132711419785326072/photos\"\u003eTorbjï¿½rn Svanteson\u003c/a\u003e"
               ],
               "photo_reference" : "CmRaAAAAHw9ZdgBGxlMTUug8oHqmE-smPmdgN7nvhC3XFEcOQKm52niI3UPvG3LXnzM8PibJwBQAesx_wmk4UItM5szUEMGV7Xqdt2-am05Vy7o-sMGbOfG9imOXIYqP5ISzKI-NEhA5NkMeVb6nxxNXDGmDgJ7-GhTBfbpKYBDO7_HaAPa-Pv_YwS-HWQ",
               "width" : 3539
            }
         ],
         "place_id" : "ChIJFdphX8kLkkYRy3ODYQu6-wE",
         "rating" : 4,
         "reference" : "CmRRAAAAz595vEc_DPGKsp0sFNj_zBpgg4lhYZmrsuvg2MzmasR6dFBF-mmQ3pqtKL-MHm6NNxU1X7tdjAI8hCO34YefOCXNMbjRxGt9vfZBwuSWO0FlmWV7McuCIepiOLcWcSFdEhDInseTr0U2q_t5rwNLHt4tGhS8Zt_QUbHWdTWOLsVQWfQi8kzoMw",
         "scope" : "GOOGLE",
         "types" : [ "restaurant", "food", "point_of_interest", "establishment" ],
         "vicinity" : "Bulevardi 4, Helsinki"
      }
   ],
   "status" : "OK"
}
